{
    "c4xlarge": "c4.xlarge",
    "c52xlarge": "c5.2xlarge",
    "c5n18xlarge": "c5n.18xlarge",
    "g38xlarge": "g3.8xlarge",
    "p3dn24xlarge": "p3dn.24xlarge"
}