{
    "queue1": "queue1-st-t2medium-[1-1],queue1-dy-t2medium-[1-3],queue1-dy-c5xlarge-[1-10]",
    "queue2": "queue2-dy-c52xlarge-[1-10],queue2-dy-c5a2xlarge-[1-5]"
}
