{
    "multiplespotc4xlarge": "c4.xlarge",
    "multiplespotc52xlarge": "c5.2xlarge",
    "efac5n18xlarge": "c5n.18xlarge",
    "gpug38xlarge": "g3.8xlarge",
    "gpup3dn24xlarge": "p3dn.24xlarge"
}