{
    "ondemand-mixed": {
        "single": {
            "Api": "run-instances",
            "Instances": [
                {
                    "InstanceType": "c5n.4xlarge"
                }
            ]
        },
        "fleet": {
            "Api": "create-fleet",
            "CapacityType": "on-demand",
            "AllocationStrategy": "lowest-price",
            "Instances": [
                {
                    "InstanceType": "c5n.4xlarge"
                },
                {
                    "InstanceType": "r5.4xlarge"
                },
                {
                    "InstanceType": "r5n.4xlarge"
                }
            ]
        }
    },
    "spot-mixed": {
        "single": {
            "Api": "run-instances",
            "Instances": [
                {
                    "InstanceType": "c5n.18xlarge"
                }
            ]
        },
        "fleet-price": {
            "Api": "create-fleet",
            "CapacityType": "spot",
            "AllocationStrategy": "capacity-optimized",
            "Instances": [
                {
                    "InstanceType": "c5n.18xlarge"
                }
            ],
            "MaxPrice": 10
        },
        "fleet-noprice": {
            "Api": "create-fleet",
            "CapacityType": "spot",
            "AllocationStrategy": "capacity-optimized",
            "Instances": [
                {
                    "InstanceType": "c5n.18xlarge"
                }
            ]
        }
    }
}